开始执行 pnpm build...