Scope: 8 of 9 workspace projects
packages/pm test$ vitest run
packages/tools test$ vitest run
packages/parser test$ vitest run
packages/shared test$ vitest run
packages/pm test: [1m[7m[36m RUN [39m[27m[22m [36mv2.1.9 [39m[90mD:/cortex/packages/pm[39m
packages/tools test: [1m[7m[36m RUN [39m[27m[22m [36mv2.1.9 [39m[90mD:/cortex/packages/tools[39m
packages/parser test: [1m[7m[36m RUN [39m[27m[22m [36mv2.1.9 [39m[90mD:/cortex/packages/parser[39m
packages/shared test: [1m[7m[36m RUN [39m[27m[22m [36mv2.1.9 [39m[90mD:/cortex/packages/shared[39m
packages/shared test:  [32m✓[39m src/__tests__/types.test.ts [2m([22m[2m10 tests[22m[2m)[22m[90m 12[2mms[22m[39m
packages/tools test:  [32m✓[39m tests/analyzer.test.ts [2m([22m[2m3 tests[22m[2m)[22m[90m 24[2mms[22m[39m
packages/shared test:  [32m✓[39m tests/types.test.ts [2m([22m[2m19 tests[22m[2m)[22m[90m 10[2mms[22m[39m
packages/tools test: [2m Test Files [22m [1m[32m1 passed[39m[22m[90m (1)[39m
packages/tools test: [2m      Tests [22m [1m[32m3 passed[39m[22m[90m (3)[39m
packages/tools test: [2m   Start at [22m 23:58:17
packages/tools test: [2m   Duration [22m 2.13s[2m (transform 160ms, setup 0ms, collect 179ms, tests 24ms, environment 0ms, prepare 510ms)[22m
packages/shared test:  [32m✓[39m tests/skill-registry.test.ts [2m([22m[2m18 tests[22m[2m)[22m[90m 23[2mms[22m[39m
packages/shared test: [2m Test Files [22m [1m[32m3 passed[39m[22m[90m (3)[39m
packages/shared test: [2m      Tests [22m [1m[32m47 passed[39m[22m[90m (47)[39m
packages/shared test: [2m   Start at [22m 23:58:17
packages/shared test: [2m   Duration [22m 2.17s[2m (transform 542ms, setup 0ms, collect 828ms, tests 46ms, environment 1ms, prepare 1.50s)[22m
packages/tools test: Done
packages/shared test: Done
packages/parser test:  [32m✓[39m tests/converter.test.ts [2m([22m[2m16 tests[22m[2m)[22m[90m 6[2mms[22m[39m
packages/parser test: [2m Test Files [22m [1m[32m1 passed[39m[22m[90m (1)[39m
packages/parser test: [2m      Tests [22m [1m[32m16 passed[39m[22m[90m (16)[39m
packages/parser test: [2m   Start at [22m 23:58:17
packages/parser test: [2m   Duration [22m 2.28s[2m (transform 128ms, setup 0ms, collect 130ms, tests 6ms, environment 0ms, prepare 298ms)[22m
packages/parser test: Done
packages/pm test:  [32m✓[39m tests/crypto.test.ts [2m([22m[2m6 tests[22m[2m)[22m[33m 375[2mms[22m[39m
packages/pm test: [2m Test Files [22m [1m[32m1 passed[39m[22m[90m (1)[39m
packages/pm test: [2m      Tests [22m [1m[32m6 passed[39m[22m[90m (6)[39m
packages/pm test: [2m   Start at [22m 23:58:17
packages/pm test: [2m   Duration [22m 2.61s[2m (transform 121ms, setup 0ms, collect 135ms, tests 375ms, environment 0ms, prepare 352ms)[22m
packages/pm test: Done
packages/cli test$ vitest run
packages/llm test$ vitest run --passWithNoTests
packages/testing test$ vitest run
packages/cli test: [1m[7m[36m RUN [39m[27m[22m [36mv2.1.9 [39m[90mD:/cortex/packages/cli[39m
packages/testing test: [1m[7m[36m RUN [39m[27m[22m [36mv2.1.9 [39m[90mD:/cortex/packages/testing[39m
packages/llm test: [1m[7m[36m RUN [39m[27m[22m [36mv2.1.9 [39m[90mD:/cortex/packages/llm[39m
packages/cli test: [2minclude: [22m[33m**/*.{test,spec}.?(c|m)[jt]s?(x)[39m
packages/cli test: [2mexclude:  [22m[33m**/node_modules/**[2m, [22m**/dist/**[2m, [22m**/cypress/**[2m, [22m**/.{idea,git,cache,output,temp}/**[2m, [22m**/{karma,rollup,webpack,vite,vitest,jest,ava,babel,nyc,cypress,tsup,build,eslint,prettier}.config.*[39m
packages/cli test: [31m
packages/cli test: No test files found, exiting with code 1[39m
packages/llm test: [2minclude: [22m[33m**/*.{test,spec}.?(c|m)[jt]s?(x)[39m
packages/llm test: No test files found, exiting with code 0
packages/llm test: [2mexclude:  [22m[33m**/node_modules/**[2m, [22m**/dist/**[2m, [22m**/cypress/**[2m, [22m**/.{idea,git,cache,output,temp}/**[2m, [22m**/{karma,rollup,webpack,vite,vitest,jest,ava,babel,nyc,cypress,tsup,build,eslint,prettier}.config.*[39m
packages/cli test: Failed
D:\cortex\packages\cli:
 ERR_PNPM_RECURSIVE_RUN_FIRST_FAIL  @cortex/cli@0.1.0 test: `vitest run`
Exit status 1
